{
  "complexType": {
    "anyAttribute": {
      "namespace": "##other",
      "processContents": "lax"
    },
    "name": "EndpointReferenceType",
    "sequence": {
      "any": {
        "annotation": {
          "documentation": "If \"Policy\" elements from namespace \"http://schemas.xmlsoap.org/ws/2002/12/policy#policy\" are used, they must appear first (before any extensibility elements)."
        },
        "maxOccurs": "unbounded",
        "minOccurs": "0",
        "namespace": "##other",
        "processContents": "lax"
      },
      "element": [
        {
          "name": "Address",
          "type": "xs:string"
        },
        {
          "minOccurs": "0",
          "name": "ReferenceProperties",
          "type": "xs:string"
        }
      ]
    }
  },
  "element": {
    "name": "EndpointReference",
    "type": "wsa:EndpointReferenceType"
  },
  "meta": {
    "blockDefault": "#all",
    "elementFormDefault": "qualified",
    "targetNamespace": "http://schemas.xmlsoap.org/ws/2004/08/addressing",
    "xmlns:wsa": "http://schemas.xmlsoap.org/ws/2004/08/addressing",
    "xmlns:xs": "http://www.w3.org/2001/XMLSchema"
  }
}